// Jest Snapshot v1, https://goo.gl/fbAQLP

exports[`<Chart /> should render 1`] = `
Object {
  "asFragment": [Function],
  "baseElement": <body>
    <div>
      <div
        class="card"
      >
        <div
          class="header"
        >
          <div
            class="title"
          >
            NII CAPITAL 7.625 21
            <span
              class="currency"
            >
              USD
            </span>
          </div>
          <div
            class="info"
          >
            US67021BAE92
            <br />
            NII CAPITAL CORP, Telecommunications, NR, till 
            01.01.2020
          </div>
          <hr
            class="separator"
          />
          <buttonwrapper>
            <button>
              Week
            </button>
            <button>
              Month
            </button>
            <button>
              Quarter
            </button>
            <button>
              Year
            </button>
            <button>
              Max
            </button>
          </buttonwrapper>
        </div>
        <linechart
          data="[object Object],[object Object]"
        />
      </div>
    </div>
  </body>,
  "container": <div>
    <div
      class="card"
    >
      <div
        class="header"
      >
        <div
          class="title"
        >
          NII CAPITAL 7.625 21
          <span
            class="currency"
          >
            USD
          </span>
        </div>
        <div
          class="info"
        >
          US67021BAE92
          <br />
          NII CAPITAL CORP, Telecommunications, NR, till 
          01.01.2020
        </div>
        <hr
          class="separator"
        />
        <buttonwrapper>
          <button>
            Week
          </button>
          <button>
            Month
          </button>
          <button>
            Quarter
          </button>
          <button>
            Year
          </button>
          <button>
            Max
          </button>
        </buttonwrapper>
      </div>
      <linechart
        data="[object Object],[object Object]"
      />
    </div>
  </div>,
  "debug": [Function],
  "findAllByAltText": [Function],
  "findAllByDisplayValue": [Function],
  "findAllByLabelText": [Function],
  "findAllByPlaceholderText": [Function],
  "findAllByRole": [Function],
  "findAllByTestId": [Function],
  "findAllByText": [Function],
  "findAllByTitle": [Function],
  "findByAltText": [Function],
  "findByDisplayValue": [Function],
  "findByLabelText": [Function],
  "findByPlaceholderText": [Function],
  "findByRole": [Function],
  "findByTestId": [Function],
  "findByText": [Function],
  "findByTitle": [Function],
  "getAllByAltText": [Function],
  "getAllByDisplayValue": [Function],
  "getAllByLabelText": [Function],
  "getAllByPlaceholderText": [Function],
  "getAllByRole": [Function],
  "getAllByTestId": [Function],
  "getAllByText": [Function],
  "getAllByTitle": [Function],
  "getByAltText": [Function],
  "getByDisplayValue": [Function],
  "getByLabelText": [Function],
  "getByPlaceholderText": [Function],
  "getByRole": [Function],
  "getByTestId": [Function],
  "getByText": [Function],
  "getByTitle": [Function],
  "queryAllByAltText": [Function],
  "queryAllByDisplayValue": [Function],
  "queryAllByLabelText": [Function],
  "queryAllByPlaceholderText": [Function],
  "queryAllByRole": [Function],
  "queryAllByTestId": [Function],
  "queryAllByText": [Function],
  "queryAllByTitle": [Function],
  "queryByAltText": [Function],
  "queryByDisplayValue": [Function],
  "queryByLabelText": [Function],
  "queryByPlaceholderText": [Function],
  "queryByRole": [Function],
  "queryByTestId": [Function],
  "queryByText": [Function],
  "queryByTitle": [Function],
  "rerender": [Function],
  "unmount": [Function],
}
`;
